// Jest Snapshot v1, https://goo.gl/fbAQLP

exports[`Testing ImageService Should render ImageService 1`] = `
<div>
  <div>
    <div>
      <h1>
        Loading...
      </h1>
    </div>
  </div>
  <Modal
    color="rgba(0,0,0,0.8)"
    isOpen={false}
  />
  <div
    style={
      Object {
        "display": "none",
      }
    }
  />
</div>
`;
